
Gurobi 13.0.1 (win64, C++) logging started Mon Apr 13 10:03:45 2026

Set parameter Username
Set parameter LicenseID to value 2806353
Set parameter LogFile to value "gurobi.log"
Gurobi Optimizer version 13.0.1 build v13.0.1rc0 (win64 - Windows 11+.0 (26200.2))

CPU model: 13th Gen Intel(R) Core(TM) i7-13700KF, instruction set [SSE2|AVX|AVX2]
Thread count: 16 physical cores, 24 logical processors, using up to 24 threads

Optimize a model with 2 rows, 2 columns and 4 nonzeros (Max)
Model fingerprint: 0x3435e294
Model has 2 linear objective coefficients
Coefficient statistics:
  Matrix range     [1e+00, 2e+00]
  Objective range  [1e+00, 1e+00]
  Bounds range     [0e+00, 0e+00]
  RHS range        [1e+01, 2e+01]

Presolve time: 0.01s
Presolved: 2 rows, 2 columns, 4 nonzeros

Iteration    Objective       Primal Inf.    Dual Inf.      Time
       0    2.0000000e+30   3.000000e+30   2.000000e+00      0s
       2    8.3333333e+00   0.000000e+00   0.000000e+00      0s

Solved in 2 iterations and 0.01 seconds (0.00 work units)
Optimal objective  8.333333333e+00

Gurobi 13.0.1 (win64, C++) logging started Mon Apr 13 10:42:01 2026

Set parameter Username
Set parameter LicenseID to value 2806353
Set parameter LogFile to value "gurobi.log"
Gurobi Optimizer version 13.0.1 build v13.0.1rc0 (win64 - Windows 11+.0 (26200.2))

CPU model: 13th Gen Intel(R) Core(TM) i7-13700KF, instruction set [SSE2|AVX|AVX2]
Thread count: 16 physical cores, 24 logical processors, using up to 24 threads

Optimize a model with 8 rows, 15 columns and 30 nonzeros (Max)
Model fingerprint: 0x3a108c59
Model has 12 linear objective coefficients
Variable types: 0 continuous, 15 integer (15 binary)
Coefficient statistics:
  Matrix range     [1e+00, 1e+00]
  Objective range  [1e+00, 5e+00]
  Bounds range     [1e+00, 1e+00]
  RHS range        [1e+00, 1e+00]

Found heuristic solution: objective 8.0000000
Presolve removed 0 rows and 3 columns
Presolve time: 0.01s
Presolved: 8 rows, 12 columns, 24 nonzeros
Variable types: 0 continuous, 12 integer (12 binary)

Root relaxation: objective 1.400000e+01, 0 iterations, 0.00 seconds (0.00 work units)

    Nodes    |    Current Node    |     Objective Bounds      |     Work
 Expl Unexpl |  Obj  Depth IntInf | Incumbent    BestBd   Gap | It/Node Time

*    0     0               0      14.0000000   14.00000  0.00%     -    0s

Explored 1 nodes (0 simplex iterations) in 0.02 seconds (0.00 work units)
Thread count was 24 (of 24 available processors)

Solution count 2: 14 8 

Optimal solution found (tolerance 1.00e-04)
Best objective 1.400000000000e+01, best bound 1.400000000000e+01, gap 0.0000%
